select concat('vishal','bhadarka') from dual;

CONCAT('VISHAL                                                                  
--------------                                                                  
vishalbhadarka                                                                  

SQL> select count(*) from dual;

  COUNT(*)                                                                      
----------                                                                      
         1                                                                      

SQL> select count(*) from empl
  2  ;

  COUNT(*)                                                                      
----------                                                                      
        11                                                                      

SQL>  SELECT GREATEST(10, 20, 15) FROM dual;

GREATEST(10,20,15)                                                              
------------------                                                              
                20                                                              

SQL> SELECT CHR(65) FROM dual;

C                                                                               
-                                                                               
A                                                                               


SQL> SELECT ASCII('A') FROM dual;

ASCII('A')                                                                      
----------                                                                      
        65                                                                      

SQL> SELECT ADD_MONTHS('12-AUG-2026', 2) FROM dual;

ADD_MONTH                                                                       
---------                                                                       
12-OCT-26                                                                       

SQL> SELECT LAST_DAY('12-AUG-2026') FROM dual;

LAST_DAY(                                                                       
---------                                                                       
31-AUG-26                                                                       

SQL> SELECT NEXT_DAY('12-AUG-2026', 'FRIDAY') FROM dual;

NEXT_DAY(                                                                       
---------                                                                       
14-AUG-26                                                                       

SQL> SELECT MONTHS_BETWEEN('12-OCT-2026', '12-AUG-2026') FROM dual;

MONTHS_BETWEEN('12-OCT-2026','12-AUG-2026')                                     
-------------------------------------------                                     
                                          2                                     

SQL> SELECT ROUND(TO_DATE('15-AUG-2026'), 'MONTH') FROM dual;

ROUND(TO_                                                                       
---------                                                                       
01-AUG-26                                                                       

SQL> SELECT SYSDATE FROM dual;

SYSDATE                                                                         
---------                                                                       
12-AUG-26                                                                       

SQL> SELECT SYSTIMESTAMP FROM dual;

SYSTIMESTAMP                                                                    
---------------------------------------------------------------------------     
12-AUG-26 11.38.01.952000 AM +05:30                                             

SQL> SELECT TO_DATE('12-AUG-2026', 'DD-MON-YYYY') FROM dual;

TO_DATE('                                                                       
---------                                                                       
12-AUG-26                                                                       

SQL> 
