
SQL> select * from empl;

    EMP_ID EMP_NAME   POST          MGR_ID HIRE_DATE     SALARY  CMMISSION      
---------- ---------- --------- ---------- --------- ---------- ----------      
   DEPT_ID                                                                      
----------                                                                      
         5 aasha      clerk             23 06-NOV-90       6767        878      
        30                                                                      
                                                                                
     13254 radha      salesman       12345 25-NOV-90      12000       4000      
        20                                                                      
                                                                                
     12675 tanmay     president            05-JUL-85     124000                 
        10                                                                      
                                                                                

    EMP_ID EMP_NAME   POST          MGR_ID HIRE_DATE     SALARY  CMMISSION      
---------- ---------- --------- ---------- --------- ---------- ----------      
   DEPT_ID                                                                      
----------                                                                      
     12675 suraj      salesman       12345 12-AUG-92      14650       1700      
        30                                                                      
                                                                                
     14567 seema      programer      13654 17-JUL-94      35000                 
        10                                                                      
                                                                                
     16754 krupa      programer      13654 13-AUG-94      30000                 
        10                                                                      
                                                                                

    EMP_ID EMP_NAME   POST          MGR_ID HIRE_DATE     SALARY  CMMISSION      
---------- ---------- --------- ---------- --------- ---------- ----------      
   DEPT_ID                                                                      
----------                                                                      
     14562 kalpana    clerk                17-SEP-90      17000                 
        40                                                                      
                                                                                
     12435 keval      salesman       12345 20-OCT-90      18000       6500      
        20                                                                      
                                                                                
     13654 parth      analyst        12675 27-DEC-95      90000                 
        10                                                                      
                                                                                

    EMP_ID EMP_NAME   POST          MGR_ID HIRE_DATE     SALARY  CMMISSION      
---------- ---------- --------- ---------- --------- ---------- ----------      
   DEPT_ID                                                                      
----------                                                                      
     18654 ramesh     analyst        12675 15-MAY-93      85000                 
        10                                                                      
                                                                                
     12345 vishal     clerk                18-NOV-90      15000                 
        10                                                                      
                                                                                

11 rows selected.

SQL> create table  salgrade(grade varchar(7),losal number(6),hisal number(6));
create table  salgrade(grade varchar(7),losal number(6),hisal number(6))
              *
ERROR at line 1:
ORA-00955: name is already used by an existing object 


SQL> select * from tab;

TNAME                          TABTYPE  CLUSTERID                               
------------------------------ ------- ----------                               
DEPT                           TABLE                                            
EMP                            TABLE                                            
SALGRADE                       TABLE                                            
FEE_MASTER                     TABLE                                            
EMPLOYEES                      TABLE                                            
BIN$q3seW9iGSZCNapw2MyA9rw==$0 TABLE                                            
STD2                           TABLE                                            
PRODUCTION                     TABLE                                            
DEPART                         TABLE                                            
EMPLOYE                        TABLE                                            
COURSE_MASTER                  TABLE                                            

TNAME                          TABTYPE  CLUSTERID                               
------------------------------ ------- ----------                               
STUDENT_MASTER                 TABLE                                            
STD4                           TABLE                                            
DEPARTMENT                     TABLE                                            
EMPLOYEE                       TABLE                                            
DEPARTMENTT                    TABLE                                            
EMPLOYEEE                      TABLE                                            
STUDENTS                       TABLE                                            
BIN$bASXBkIfRh2mJlAixcoCOQ==$0 TABLE                                            
EMPL                           TABLE                                            
DEP                            TABLE                                            
STD1                           TABLE                                            

TNAME                          TABTYPE  CLUSTERID                               
------------------------------ ------- ----------                               
BIN$Wd1oK4d8Q9O+iVJDRfQT+Q==$0 TABLE                                            
STD                            TABLE                                            
STD3                           TABLE                                            

25 rows selected.

SQL> desc SALGRADE;
 Name                                      Null?    Type
 ----------------------------------------- -------- ----------------------------
 GRADE                                              NUMBER
 LOSAL                                              NUMBER
 HISAL                                              NUMBER

SQL> select * from SALGRADE;

     GRADE      LOSAL      HISAL                                                
---------- ---------- ----------                                                
         1        700       1200                                                
         2       1201       1400                                                
         3       1401       2000                                                
         4       2001       3000                                                
         5       3001       9999                                                

SQL> desc EMPLOYEE        ;
 Name                                      Null?    Type
 ----------------------------------------- -------- ----------------------------
 EMPID                                     NOT NULL NUMBER(38)
 EMPNAME                                            VARCHAR2(50)
 SALARY                                             NUMBER(10,2)
 DEPTID                                             NUMBER(38)

SQL> select e.empname,e.salary,s.grade from emp e join salgrade s on e.salary between s.losal and
  2  s.hisal;
select e.empname,e.salary,s.grade from emp e join salgrade s on e.salary between s.losal and
                                                                *
ERROR at line 1:
ORA-00904: "E"."SALARY": invalid identifier 


SQL> select e.empname,e.salary,s.grade from  EMPLOYEE  e join salgrade s on e.salary between s.losal
  2  and s.hisal;

no rows selected

SQL> select * from employee;

no rows selected

SQL> 
