

SQL>  select e.emp_id,e.emp_name,d.dep_no,d.dep_name from empl e inner join dep d on e.dept_id=d.dep_no;

    EMP_ID EMP_NAME       DEP_NO DEP_NA                                         
---------- ---------- ---------- ------                                         
         5 aasha              30 purche                                         
     13254 radha              20 sales                                          
     12675 tanmay             10 IT                                             
     12675 suraj              30 purche                                         
     14567 seema              10 IT                                             
     16754 krupa              10 IT                                             
     14562 kalpana            40 finace                                         
     12435 keval              20 sales                                          
     13654 parth              10 IT                                             
     18654 ramesh             10 IT                                             
     12345 vishal             10 IT                                             

11 rows selected.


  2  
SQL> select e.emp_name,d.dep_no,d.dep_name from empl e left outer join dep d on e.dept_id=d.dep_no;

EMP_NAME       DEP_NO DEP_NA                                                    
---------- ---------- ------                                                    
vishal             10 IT                                                        
ramesh             10 IT                                                        
parth              10 IT                                                        
krupa              10 IT                                                        
seema              10 IT                                                        
tanmay             10 IT                                                        
keval              20 sales                                                     
radha              20 sales                                                     
suraj              30 purche                                                    
aasha              30 purche                                                    
kalpana            40 finace                                                    

11 rows selected.

SQL> select e.emp_name,d.dep_no,d.dep_name from empl e right outer join dep d on e.dept_id=d.dep_no;

EMP_NAME       DEP_NO DEP_NA                                                    
---------- ---------- ------                                                    
aasha              30 purche                                                    
radha              20 sales                                                     
tanmay             10 IT                                                        
suraj              30 purche                                                    
seema              10 IT                                                        
krupa              10 IT                                                        
kalpana            40 finace                                                    
keval              20 sales                                                     
parth              10 IT                                                        
ramesh             10 IT                                                        
vishal             10 IT                                                        

EMP_NAME       DEP_NO DEP_NA                                                    
---------- ---------- ------                                                    
                   50 market                                                    

12 rows selected.

SQL> select e.emp_name,d.dep_no,d.dep_name from empl e full outer join dep d on e.dept_id=d.dep_no;

EMP_NAME       DEP_NO DEP_NA                                                    
---------- ---------- ------                                                    
vishal             10 IT                                                        
ramesh             10 IT                                                        
parth              10 IT                                                        
krupa              10 IT                                                        
seema              10 IT                                                        
tanmay             10 IT                                                        
keval              20 sales                                                     
radha              20 sales                                                     
suraj              30 purche                                                    
aasha              30 purche                                                    
kalpana            40 finace                                                    

EMP_NAME       DEP_NO DEP_NA                                                    
---------- ---------- ------                                                    
                   50 market                                                    

12 rows selected.




